
PROGRAM "D:\Pascal\Application\Application Note AN XXXX\AN3571SW (QE128)\AN3571SW_QE128\bin\Project.abs"

*********************************************************************************************
TARGET SECTION
---------------------------------------------------------------------------------------------
Processor   : Freescale HC08
Memory Model: SMALL
File Format : ELF\DWARF 2.0
Linker      : SmartLinker V-5.0.30 Build 7285, Oct 13 2007

*********************************************************************************************
FILE SECTION
---------------------------------------------------------------------------------------------
main.c.o                                Model: SMALL,         Lang: ANSI-C
RTSHC08.C.o (ansifs.lib)                Model: SMALL,         Lang: ANSI-C
MC9S08QE128.C.o                         Model: SMALL,         Lang: ANSI-C
Start08.c.o                             Model: SMALL,         Lang: ANSI-C
mcu_init.c.o                            Model: SMALL,         Lang: ANSI-C
sci.c.o                                 Model: SMALL,         Lang: ANSI-C
sw_iic.c.o                              Model: SMALL,         Lang: ANSI-C
sw_spi.c.o                              Model: SMALL,         Lang: ANSI-C
doonstack.asm.o                         Model: SMALL,         Lang: Assembler
adc.c.o                                 Model: SMALL,         Lang: ANSI-C

*********************************************************************************************
STARTUP SECTION
---------------------------------------------------------------------------------------------
Entry point: 0x407B (_Startup)
_startupData is allocated at 0x4084 and uses 6 Bytes
extern struct _tagStartup {
  unsigned nofZeroOut     2
  _Range   pZeroOut       0x80     98
                          0x1880     61
  _Copy    *toCopyDownBeg 0x5921
} _startupData;

*********************************************************************************************
SECTION-ALLOCATION SECTION
Section Name                    Size  Type     From       To       Segment
---------------------------------------------------------------------------------------------
.data                              3   R/W     0x1880     0x1882   RAM
.init                            132     R     0x4000     0x4083   ROM
.startData                        14     R     0x4084     0x4091   ROM
.text                           6105     R     0x4092     0x586A   ROM
.copy                             25     R     0x5921     0x5939   ROM
_DATA_ZEROPAGE                    98   R/W       0x80       0xE1   Z_RAM
EEPROM                             6     R     0x2080     0x2085   EROM
.abs_section_0                     1   N/I        0x0        0x0   .absSeg0
.abs_section_1                     1   N/I        0x1        0x1   .absSeg1
.abs_section_2                     1   N/I        0x2        0x2   .absSeg2
.abs_section_3                     1   N/I        0x3        0x3   .absSeg3
.abs_section_4                     1   N/I        0x4        0x4   .absSeg4
.abs_section_5                     1   N/I        0x5        0x5   .absSeg5
.abs_section_6                     1   N/I        0x6        0x6   .absSeg6
.abs_section_7                     1   N/I        0x7        0x7   .absSeg7
.abs_section_8                     1   N/I        0x8        0x8   .absSeg8
.abs_section_9                     1   N/I        0x9        0x9   .absSeg9
.abs_section_a                     1   N/I        0xA        0xA   .absSeg10
.abs_section_b                     1   N/I        0xB        0xB   .absSeg11
.abs_section_c                     1   N/I        0xC        0xC   .absSeg12
.abs_section_d                     1   N/I        0xD        0xD   .absSeg13
.abs_section_e                     1   N/I        0xE        0xE   .absSeg14
.abs_section_f                     1   N/I        0xF        0xF   .absSeg15
.abs_section_10                    1   N/I       0x10       0x10   .absSeg16
.abs_section_11                    1   N/I       0x11       0x11   .absSeg17
.abs_section_16                    1   N/I       0x16       0x16   .absSeg18
.abs_section_17                    1   N/I       0x17       0x17   .absSeg19
.abs_section_18                    1   N/I       0x18       0x18   .absSeg20
.abs_section_19                    1   N/I       0x19       0x19   .absSeg21
.abs_section_1a                    1   N/I       0x1A       0x1A   .absSeg22
.abs_section_1b                    1   N/I       0x1B       0x1B   .absSeg23
.abs_section_1c                    1   N/I       0x1C       0x1C   .absSeg24
.abs_section_1d                    1   N/I       0x1D       0x1D   .absSeg25
.abs_section_1e                    1   N/I       0x1E       0x1E   .absSeg26
.abs_section_1f                    1   N/I       0x1F       0x1F   .absSeg27
.abs_section_22                    1   N/I       0x22       0x22   .absSeg28
.abs_section_23                    1   N/I       0x23       0x23   .absSeg29
.abs_section_24                    1   N/I       0x24       0x24   .absSeg30
.abs_section_25                    1   N/I       0x25       0x25   .absSeg31
.abs_section_26                    1   N/I       0x26       0x26   .absSeg32
.abs_section_27                    1   N/I       0x27       0x27   .absSeg33
.abs_section_28                    1   N/I       0x28       0x28   .absSeg34
.abs_section_29                    1   N/I       0x29       0x29   .absSeg35
.abs_section_2a                    1   N/I       0x2A       0x2A   .absSeg36
.abs_section_2b                    1   N/I       0x2B       0x2B   .absSeg37
.abs_section_2d                    1   N/I       0x2D       0x2D   .absSeg38
.abs_section_2e                    1   N/I       0x2E       0x2E   .absSeg39
.abs_section_2f                    1   N/I       0x2F       0x2F   .absSeg40
.abs_section_30                    1   N/I       0x30       0x30   .absSeg41
.abs_section_31                    1   N/I       0x31       0x31   .absSeg42
.abs_section_32                    1   N/I       0x32       0x32   .absSeg43
.abs_section_33                    1   N/I       0x33       0x33   .absSeg44
.abs_section_34                    1   N/I       0x34       0x34   .absSeg45
.abs_section_35                    1   N/I       0x35       0x35   .absSeg46
.abs_section_38                    1   N/I       0x38       0x38   .absSeg47
.abs_section_39                    1   N/I       0x39       0x39   .absSeg48
.abs_section_3a                    1   N/I       0x3A       0x3A   .absSeg49
.abs_section_3b                    1   N/I       0x3B       0x3B   .absSeg50
.abs_section_3c                    1   N/I       0x3C       0x3C   .absSeg51
.abs_section_3d                    1   N/I       0x3D       0x3D   .absSeg52
.abs_section_3e                    1   N/I       0x3E       0x3E   .absSeg53
.abs_section_40                    1   N/I       0x40       0x40   .absSeg54
.abs_section_45                    1   N/I       0x45       0x45   .absSeg55
.abs_section_48                    1   N/I       0x48       0x48   .absSeg56
.abs_section_4b                    1   N/I       0x4B       0x4B   .absSeg57
.abs_section_50                    1   N/I       0x50       0x50   .absSeg58
.abs_section_55                    1   N/I       0x55       0x55   .absSeg59
.abs_section_58                    1   N/I       0x58       0x58   .absSeg60
.abs_section_5b                    1   N/I       0x5B       0x5B   .absSeg61
.abs_section_60                    1   N/I       0x60       0x60   .absSeg62
.abs_section_65                    1   N/I       0x65       0x65   .absSeg63
.abs_section_68                    1   N/I       0x68       0x68   .absSeg64
.abs_section_6b                    1   N/I       0x6B       0x6B   .absSeg65
.abs_section_6e                    1   N/I       0x6E       0x6E   .absSeg66
.abs_section_71                    1   N/I       0x71       0x71   .absSeg67
.abs_section_74                    1   N/I       0x74       0x74   .absSeg68
.abs_section_78                    1   N/I       0x78       0x78   .absSeg69
.abs_section_79                    1   N/I       0x79       0x79   .absSeg70
.abs_section_7a                    1   N/I       0x7A       0x7A   .absSeg71
.abs_section_7b                    1   N/I       0x7B       0x7B   .absSeg72
.abs_section_7c                    1   N/I       0x7C       0x7C   .absSeg73
.abs_section_7d                    1   N/I       0x7D       0x7D   .absSeg74
.abs_section_7e                    1   N/I       0x7E       0x7E   .absSeg75
.abs_section_7f                    1   N/I       0x7F       0x7F   .absSeg76
.abs_section_1800                  1   N/I     0x1800     0x1800   .absSeg77
.abs_section_1801                  1   N/I     0x1801     0x1801   .absSeg78
.abs_section_1802                  1   N/I     0x1802     0x1802   .absSeg79
.abs_section_1803                  1   N/I     0x1803     0x1803   .absSeg80
.abs_section_1808                  1   N/I     0x1808     0x1808   .absSeg81
.abs_section_1809                  1   N/I     0x1809     0x1809   .absSeg82
.abs_section_180b                  1   N/I     0x180B     0x180B   .absSeg83
.abs_section_180e                  1   N/I     0x180E     0x180E   .absSeg84
.abs_section_180f                  1   N/I     0x180F     0x180F   .absSeg85
.abs_section_1818                  1   N/I     0x1818     0x1818   .absSeg86
.abs_section_1819                  1   N/I     0x1819     0x1819   .absSeg87
.abs_section_181a                  1   N/I     0x181A     0x181A   .absSeg88
.abs_section_181b                  1   N/I     0x181B     0x181B   .absSeg89
.abs_section_181c                  1   N/I     0x181C     0x181C   .absSeg90
.abs_section_181d                  1   N/I     0x181D     0x181D   .absSeg91
.abs_section_181e                  1   N/I     0x181E     0x181E   .absSeg92
.abs_section_181f                  1   N/I     0x181F     0x181F   .absSeg93
.abs_section_1820                  1   N/I     0x1820     0x1820   .absSeg94
.abs_section_1821                  1   N/I     0x1821     0x1821   .absSeg95
.abs_section_1823                  1   N/I     0x1823     0x1823   .absSeg96
.abs_section_1824                  1   N/I     0x1824     0x1824   .absSeg97
.abs_section_1825                  1   N/I     0x1825     0x1825   .absSeg98
.abs_section_1826                  1   N/I     0x1826     0x1826   .absSeg99
.abs_section_1830                  1   N/I     0x1830     0x1830   .absSeg100
.abs_section_1831                  1   N/I     0x1831     0x1831   .absSeg101
.abs_section_1832                  1   N/I     0x1832     0x1832   .absSeg102
.abs_section_1838                  1   N/I     0x1838     0x1838   .absSeg103
.abs_section_1839                  1   N/I     0x1839     0x1839   .absSeg104
.abs_section_183a                  1   N/I     0x183A     0x183A   .absSeg105
.abs_section_183b                  1   N/I     0x183B     0x183B   .absSeg106
.abs_section_183d                  1   N/I     0x183D     0x183D   .absSeg107
.abs_section_1840                  1   N/I     0x1840     0x1840   .absSeg108
.abs_section_1841                  1   N/I     0x1841     0x1841   .absSeg109
.abs_section_1842                  1   N/I     0x1842     0x1842   .absSeg110
.abs_section_1844                  1   N/I     0x1844     0x1844   .absSeg111
.abs_section_1845                  1   N/I     0x1845     0x1845   .absSeg112
.abs_section_1846                  1   N/I     0x1846     0x1846   .absSeg113
.abs_section_1848                  1   N/I     0x1848     0x1848   .absSeg114
.abs_section_1849                  1   N/I     0x1849     0x1849   .absSeg115
.abs_section_184a                  1   N/I     0x184A     0x184A   .absSeg116
.abs_section_184c                  1   N/I     0x184C     0x184C   .absSeg117
.abs_section_184d                  1   N/I     0x184D     0x184D   .absSeg118
.abs_section_184e                  1   N/I     0x184E     0x184E   .absSeg119
.abs_section_1850                  1   N/I     0x1850     0x1850   .absSeg120
.abs_section_1851                  1   N/I     0x1851     0x1851   .absSeg121
.abs_section_1852                  1   N/I     0x1852     0x1852   .absSeg122
.abs_section_1854                  1   N/I     0x1854     0x1854   .absSeg123
.abs_section_1855                  1   N/I     0x1855     0x1855   .absSeg124
.abs_section_1856                  1   N/I     0x1856     0x1856   .absSeg125
.abs_section_1858                  1   N/I     0x1858     0x1858   .absSeg126
.abs_section_1859                  1   N/I     0x1859     0x1859   .absSeg127
.abs_section_185a                  1   N/I     0x185A     0x185A   .absSeg128
.abs_section_185c                  1   N/I     0x185C     0x185C   .absSeg129
.abs_section_185d                  1   N/I     0x185D     0x185D   .absSeg130
.abs_section_185e                  1   N/I     0x185E     0x185E   .absSeg131
.abs_section_1860                  1   N/I     0x1860     0x1860   .absSeg132
.abs_section_1861                  1   N/I     0x1861     0x1861   .absSeg133
.abs_section_1862                  1   N/I     0x1862     0x1862   .absSeg134
.abs_section_1868                  1   N/I     0x1868     0x1868   .absSeg135
.abs_section_1869                  1   N/I     0x1869     0x1869   .absSeg136
.abs_section_186a                  1   N/I     0x186A     0x186A   .absSeg137
.abs_section_186b                  1   N/I     0x186B     0x186B   .absSeg138
.abs_section_186c                  1   N/I     0x186C     0x186C   .absSeg139
.abs_section_186d                  1   N/I     0x186D     0x186D   .absSeg140
.abs_section_1872                  1   N/I     0x1872     0x1872   .absSeg141
.abs_section_1873                  1   N/I     0x1873     0x1873   .absSeg142
.abs_section_1874                  1   N/I     0x1874     0x1874   .absSeg143
.abs_section_1875                  1   N/I     0x1875     0x1875   .absSeg144
.abs_section_1876                  1   N/I     0x1876     0x1876   .absSeg145
.abs_section_1877                  1   N/I     0x1877     0x1877   .absSeg146
.abs_section_1878                  1   N/I     0x1878     0x1878   .absSeg147
.abs_section_1879                  1   N/I     0x1879     0x1879   .absSeg148
.abs_section_187a                  1   N/I     0x187A     0x187A   .absSeg149
.abs_section_187b                  1   N/I     0x187B     0x187B   .absSeg150
.abs_section_187c                  1   N/I     0x187C     0x187C   .absSeg151
.abs_section_187d                  1   N/I     0x187D     0x187D   .absSeg152
.abs_section_12                    2   N/I       0x12       0x13   .absSeg153
.abs_section_14                    2   N/I       0x14       0x15   .absSeg154
.abs_section_20                    2   N/I       0x20       0x21   .absSeg155
.abs_section_41                    2   N/I       0x41       0x42   .absSeg156
.abs_section_43                    2   N/I       0x43       0x44   .absSeg157
.abs_section_46                    2   N/I       0x46       0x47   .absSeg158
.abs_section_49                    2   N/I       0x49       0x4A   .absSeg159
.abs_section_4c                    2   N/I       0x4C       0x4D   .absSeg160
.abs_section_51                    2   N/I       0x51       0x52   .absSeg161
.abs_section_53                    2   N/I       0x53       0x54   .absSeg162
.abs_section_56                    2   N/I       0x56       0x57   .absSeg163
.abs_section_59                    2   N/I       0x59       0x5A   .absSeg164
.abs_section_5c                    2   N/I       0x5C       0x5D   .absSeg165
.abs_section_61                    2   N/I       0x61       0x62   .absSeg166
.abs_section_63                    2   N/I       0x63       0x64   .absSeg167
.abs_section_66                    2   N/I       0x66       0x67   .absSeg168
.abs_section_69                    2   N/I       0x69       0x6A   .absSeg169
.abs_section_6c                    2   N/I       0x6C       0x6D   .absSeg170
.abs_section_6f                    2   N/I       0x6F       0x70   .absSeg171
.abs_section_72                    2   N/I       0x72       0x73   .absSeg172
.abs_section_75                    2   N/I       0x75       0x76   .absSeg173
.abs_section_1806                  2   N/I     0x1806     0x1807   .absSeg174
.abs_section_1810                  2   N/I     0x1810     0x1811   .absSeg175
.abs_section_1812                  2   N/I     0x1812     0x1813   .absSeg176
.abs_section_1814                  2   N/I     0x1814     0x1815   .absSeg177
.abs_section_1816                  2   N/I     0x1816     0x1817   .absSeg178
.abs_section_1870                  2   N/I     0x1870     0x1871   .absSeg179
.bss                               5   R/W     0x1883     0x1887   RAM
.common                           53   R/W     0x1888     0x18BC   RAM
MyCode                           182     R     0x586B     0x5920   ROM
.stack                           512   R/W     0x18BD     0x1ABC   RAM
.vectSeg180_vect                   2     R     0xFFFE     0xFFFF   .vectSeg180

Summary of section sizes per section type:
READ_ONLY (R):        1942 (dec:     6466)
READ_WRITE (R/W):      29F (dec:      671)
NO_INIT (N/I):          CF (dec:      207)

*********************************************************************************************
VECTOR-ALLOCATION SECTION
    Address     InitValue   InitFunction
---------------------------------------------------------------------------------------------
     0xFFFE        0x407B   _Startup

*********************************************************************************************
OBJECT-ALLOCATION SECTION
     Name               Module                 Addr   hSize   dSize     Ref    Section   RLIB
---------------------------------------------------------------------------------------------
MODULE:                 -- main.c.o --
- PROCEDURES:
     Dummy_Pointer                             4092       1       1       1   .text       
     CheckButt0                                4093      5A      90       1   .text       
     CheckButt1                                40ED      5A      90       1   .text       
     CheckButt2                                4147      5D      93       1   .text       
     CheckButt3                                41A4      5F      95       1   .text       
     main                                      4203     1F6     502      16   .text       
     Delay                                     43F9       E      14       4   .text       
     SCI_Display                               4407      95     149       2   .text       
     Delay_Xms                                 449C      25      37      12   .text       
     Read_AccelerometerIon                     44C1      5A      90       1   .text       
     Init_SensorIon                            451B      42      66       1   .text       
     SetUp_GselectIon                          455D      29      41       2   .text       
     SetUp_ModeOfSensorIon                     4586     26C     620      24   .text       
     Change_SensorInterface                    47F2      2D      45       1   .text       
     Ion_SwitchMode                            481F      25      37       5   .text       
     Ion_ClearIntLatchINT1                     4844      32      50       2   .text       
     Ion_ClearIntLatchINT2                     4876      32      50       1   .text       
     Ion_ClearIntLatch                         48A8      32      50       6   .text       
     AutoCalibration_Ion                       48DA     223     547      16   .text       
     ReadAllIonRegisters                       4AFD      C9     201       2   .text       
     initTPM1CH0                               4BC6      23      35       1   .text       
     SetUp_TPM_Value1                          4BE9      56      86       1   .text       
     Reset_Counter1                            4C3F       5       5       1   .text       
     Clear_TOF1                                4C44       9       9       1   .text       
     Clear_CHOF1                               4C4D       D      13       1   .text       
     initTPM2CH0                               4C5A      23      35       1   .text       
     SetUp_TPM_Value2                          4C7D      56      86       1   .text       
     Reset_Counter2                            4CD3       5       5       1   .text       
     Clear_TOF2                                4CD8       9       9       1   .text       
     Clear_CHOF2                               4CE1       D      13       1   .text       
     ReadIonMODE                               4CEE      34      52       3   .text       
     ReadIonMCTL                               4D22       9       9       3   .text       
     ReadIonCTL1                               4D2B       9       9       1   .text       
     ReadIonLDTH                               4D34       9       9       1   .text       
     ReadIonPDTH                               4D3D       9       9       1   .text       
     ReadIonPW                                 4D46       9       9       1   .text       
     ReadIonLT                                 4D4F       9       9       1   .text       
     ReadIonTW                                 4D58       9       9       1   .text       
- VARIABLES:
     last_st.1                                 1883       1       1       2   .bss        
     last_st.2                                 1884       1       1       2   .bss        
     last_st.3                                 1885       1       1       2   .bss        
     last_st.4                                 1886       1       1       2   .bss        
     mode                                        80       1       1      11   _DATA_ZEROPAGE
     iic_active                                  81       1       1       6   _DATA_ZEROPAGE
     p_Ion_InitInterface                         82       2       2       3   _DATA_ZEROPAGE
     p_Ion_ReadByte                              84       2       2      22   _DATA_ZEROPAGE
     p_Ion_WriteByte                             86       2       2      42   _DATA_ZEROPAGE
     p_Ion_MultiReadBytes                        88       2       2       3   _DATA_ZEROPAGE
     p_Ion_MultiWriteBytes                       8A       2       2       3   _DATA_ZEROPAGE
     counterreset                                8C       4       4       3   _DATA_ZEROPAGE
     n                                           90       1       1       6   _DATA_ZEROPAGE
     X                                           91       1       1       2   _DATA_ZEROPAGE
     Y                                           92       1       1       2   _DATA_ZEROPAGE
     Z                                           93       1       1       2   _DATA_ZEROPAGE
     ion_reg                                     94      20      32      34   _DATA_ZEROPAGE
     calib                                       B4       6       6       4   _DATA_ZEROPAGE
     break_loop0                                 BA       1       1       6   _DATA_ZEROPAGE
     break_loop1                                 BB       1       1       6   _DATA_ZEROPAGE
     break_loop2                                 BC       1       1       6   _DATA_ZEROPAGE
     break_loop3                                 BD       1       1       6   _DATA_ZEROPAGE
     break_loop4                                 BE       1       1       6   _DATA_ZEROPAGE
     tmp_buffer                                  BF       A      10      87   _DATA_ZEROPAGE
     init                                        C9       1       1       6   _DATA_ZEROPAGE
     readTPM1C0SC                                CA       1       1       1   _DATA_ZEROPAGE
     counterVALUE1                               CB       4       4       7   _DATA_ZEROPAGE
     counterVALUE1L                              CF       1       1       2   _DATA_ZEROPAGE
     counterVALUE1H                              D0       1       1       2   _DATA_ZEROPAGE
     readTPM2C0SC                                D1       1       1       1   _DATA_ZEROPAGE
     counterVALUE2                               D2       4       4       7   _DATA_ZEROPAGE
     counterVALUE2L                              D6       1       1       2   _DATA_ZEROPAGE
     counterVALUE2H                              D7       1       1       2   _DATA_ZEROPAGE
     temp_QE128H                                 D8       1       1       2   _DATA_ZEROPAGE
     temp_QE128L                                 D9       1       1       2   _DATA_ZEROPAGE
     VDD_QE128H                                  DA       1       1       3   _DATA_ZEROPAGE
     VDD_QE128L                                  DB       1       1       3   _DATA_ZEROPAGE
     x_hermesH                                   DC       1       1       2   _DATA_ZEROPAGE
     x_hermesL                                   DD       1       1       2   _DATA_ZEROPAGE
     y_hermesH                                   DE       1       1       2   _DATA_ZEROPAGE
     y_hermesL                                   DF       1       1       2   _DATA_ZEROPAGE
     z_hermesH                                   E0       1       1       2   _DATA_ZEROPAGE
     z_hermesL                                   E1       1       1       2   _DATA_ZEROPAGE
     calib_eeprom                              2080       6       6       5   EEPROM      
     ReadMODE                                  1888       1       1       5   .common     
     ReadRegXOUTL                              1889       1       1       1   .common     
     ReadRegXOUTH                              188A       1       1       1   .common     
     ReadRegYOUTL                              188B       1       1       1   .common     
     ReadRegYOUTH                              188C       1       1       1   .common     
     ReadRegZOUTL                              188D       1       1       1   .common     
     ReadRegZOUTH                              188E       1       1       1   .common     
     ReadRegXOUT8                              188F       1       1       3   .common     
     ReadRegYOUT8                              1890       1       1       3   .common     
     ReadRegZOUT8                              1891       1       1       2   .common     
     ReadRegSTATUS                             1892       1       1       1   .common     
     ReadRegDETSRC                             1893       1       1       1   .common     
     ReadRegTOUT                               1894       1       1       1   .common     
     ReadRegRESERVED1                          1895       1       1       1   .common     
     ReadRegI2CAD                              1896       1       1       1   .common     
     ReadRegUSRINF                             1897       1       1       1   .common     
     ReadRegWHOAMI                             1898       1       1       1   .common     
     ReadRegXOFFL                              1899       1       1       1   .common     
     ReadRegXOFFH                              189A       1       1       1   .common     
     ReadRegYOFFL                              189B       1       1       1   .common     
     ReadRegYOFFH                              189C       1       1       1   .common     
     ReadRegZOFFL                              189D       1       1       1   .common     
     ReadRegZOFFH                              189E       1       1       1   .common     
     ReadRegINTRST                             189F       1       1       1   .common     
     ReadRegMCTL                               18A0       1       1       2   .common     
     ReadRegCTL1                               18A1       1       1       2   .common     
     ReadRegCTL2                               18A2       1       1       1   .common     
     ReadRegLDTH                               18A3       1       1       2   .common     
     ReadRegPDTH                               18A4       1       1       2   .common     
     ReadRegPW                                 18A5       1       1       2   .common     
     ReadRegLT                                 18A6       1       1       2   .common     
     ReadRegTW                                 18A7       1       1       2   .common     
     ReadRegRESERVED2                          18A8       1       1       1   .common     
MODULE:                 -- RTSHC08.C.o (ansifs.lib) --
- PROCEDURES:
     _PUSH_ARGS_L                              4D61      20      32       3   .text       
     _ENTER_UNARY_L                            4D81      29      41       2   .text       
     _ENTER_BINARY_L                           4DAA      16      22       4   .text       
     _ENTER_BINARY_L_RC                        4DC0      19      25       2   .text       
     _ENTER_BINARY_L_LC                        4DD9      1A      26       2   .text       
     _IDIVMOD                                  4DF3      69     105       1   .text       
     _SPLITSIGN                                4E5C      1C      28       1   .text       
     _LADD_k_is_k_plus_j                       4E78      1F      31       2   .text       
     _k_is_k_plus_j_l                          4E97      1E      30       2   .text       
     _k_is_k_plus_j_i                          4EB5      12      18       3   .text       
     _LSUB_k_is_k_minus_j                      4EC7      1F      31       2   .text       
     _LMUL_k_is_k_mul_j                        4EE6      81     129       1   .text       
     _LDIVMOD                                  4F67      A4     164       2   .text       
     _NEG_L_HX                                 500B      13      19       2   .text       
     _ABS_L_HX                                 501E       6       6       2   .text       
     _SPLITSIGN_L                              5024       A      10       1   .text       
     _LDIVU_k_is_k_div_j                       502E      17      23       1   .text       
     _LDIVS_k_is_k_div_j                       5045      27      39       1   .text       
     _LCMP_k_rel_j                             506C      1F      31       1   .text       
     _IDIVS_STAR08                             508B      1B      27       1   .text       
     _ICMP                                     50A6      16      22       2   .text       
     _LINC                                     50BC      16      22       1   .text       
     _LADD                                     50D2       6       6       1   .text       
     _LADD_RC                                  50D8       6       6       4   .text       
     _LSUB                                     50DE       6       6       2   .text       
     _LSUB_LC                                  50E4       6       6       1   .text       
     _LMUL_RC                                  50EA       6       6       4   .text       
     _LDIVS_LC                                 50F0       6       6       5   .text       
     _LDIVU                                    50F6       6       6       3   .text       
     _LLSR                                     50FC      16      22       2   .text       
     _LCMP                                     5112       6       6       1   .text       
     _POP32                                    5118      1A      26      17   .text       
     _CALL_STAR08                              5132      20      32      45   .text       
     _Jump_Table_Header_Addr                   5152      2F      47       1   .text       
- VARIABLES:
MODULE:                 -- MC9S08QE128.C.o --
- PROCEDURES:
- VARIABLES:
     _PTAD                                        0       1       1       6   .abs_section_0
     _PTADD                                       1       1       1       2   .abs_section_1
     _PTBD                                        2       1       1      27   .abs_section_2
     _PTBDD                                       3       1       1      21   .abs_section_3
     _PTCD                                        4       1       1      34   .abs_section_4
     _PTCDD                                       5       1       1       6   .abs_section_5
     _PTDD                                        6       1       1       8   .abs_section_6
     _PTDDD                                       7       1       1       3   .abs_section_7
     _PTED                                        8       1       1       2   .abs_section_8
     _PTEDD                                       9       1       1       2   .abs_section_9
     _PTFD                                        A       1       1      15   .abs_section_a
     _PTFDD                                       B       1       1       2   .abs_section_b
     _KBI1SC                                      C       1       1       0   .abs_section_c
     _KBI1PE                                      D       1       1       0   .abs_section_d
     _KBI1ES                                      E       1       1       0   .abs_section_e
     _IRQSC                                       F       1       1       0   .abs_section_f
     _ADCSC1                                     10       1       1      12   .abs_section_10
     _ADCSC2                                     11       1       1       1   .abs_section_11
     _ADCCFG                                     16       1       1       1   .abs_section_16
     _APCTL1                                     17       1       1       1   .abs_section_17
     _APCTL2                                     18       1       1       1   .abs_section_18
     _APCTL3                                     19       1       1       1   .abs_section_19
     _ACMP1SC                                    1A       1       1       0   .abs_section_1a
     _ACMP2SC                                    1B       1       1       0   .abs_section_1b
     _PTGD                                       1C       1       1       8   .abs_section_1c
     _PTGDD                                      1D       1       1       3   .abs_section_1d
     _PTHD                                       1E       1       1       0   .abs_section_1e
     _PTHDD                                      1F       1       1       0   .abs_section_1f
     _SCI1C1                                     22       1       1       1   .abs_section_22
     _SCI1C2                                     23       1       1       1   .abs_section_23
     _SCI1S1                                     24       1       1       2   .abs_section_24
     _SCI1S2                                     25       1       1       1   .abs_section_25
     _SCI1C3                                     26       1       1       1   .abs_section_26
     _SCI1D                                      27       1       1       1   .abs_section_27
     _SPI1C1                                     28       1       1       0   .abs_section_28
     _SPI1C2                                     29       1       1       0   .abs_section_29
     _SPI1BR                                     2A       1       1       0   .abs_section_2a
     _SPI1S                                      2B       1       1       0   .abs_section_2b
     _SPI1D                                      2D       1       1       0   .abs_section_2d
     _PTJD                                       2E       1       1       0   .abs_section_2e
     _PTJDD                                      2F       1       1       0   .abs_section_2f
     _IIC1A                                      30       1       1       0   .abs_section_30
     _IIC1F                                      31       1       1       0   .abs_section_31
     _IIC1C1                                     32       1       1       0   .abs_section_32
     _IIC1S                                      33       1       1       0   .abs_section_33
     _IIC1D                                      34       1       1       0   .abs_section_34
     _IIC1C2                                     35       1       1       0   .abs_section_35
     _ICSC1                                      38       1       1       1   .abs_section_38
     _ICSC2                                      39       1       1       1   .abs_section_39
     _ICSTRM                                     3A       1       1       1   .abs_section_3a
     _ICSSC                                      3B       1       1       1   .abs_section_3b
     _KBI2SC                                     3C       1       1       0   .abs_section_3c
     _KBI2PE                                     3D       1       1       0   .abs_section_3d
     _KBI2ES                                     3E       1       1       0   .abs_section_3e
     _TPM1SC                                     40       1       1       3   .abs_section_40
     _TPM1C0SC                                   45       1       1       5   .abs_section_45
     _TPM1C1SC                                   48       1       1       0   .abs_section_48
     _TPM1C2SC                                   4B       1       1       0   .abs_section_4b
     _TPM2SC                                     50       1       1       3   .abs_section_50
     _TPM2C0SC                                   55       1       1       5   .abs_section_55
     _TPM2C1SC                                   58       1       1       0   .abs_section_58
     _TPM2C2SC                                   5B       1       1       0   .abs_section_5b
     _TPM3SC                                     60       1       1       0   .abs_section_60
     _TPM3C0SC                                   65       1       1       0   .abs_section_65
     _TPM3C1SC                                   68       1       1       0   .abs_section_68
     _TPM3C2SC                                   6B       1       1       0   .abs_section_6b
     _TPM3C3SC                                   6E       1       1       0   .abs_section_6e
     _TPM3C4SC                                   71       1       1       0   .abs_section_71
     _TPM3C5SC                                   74       1       1       0   .abs_section_74
     _PPAGE                                      78       1       1       0   .abs_section_78
     _LAP2                                       79       1       1       0   .abs_section_79
     _LAP1                                       7A       1       1       0   .abs_section_7a
     _LAP0                                       7B       1       1       0   .abs_section_7b
     _LWP                                        7C       1       1       0   .abs_section_7c
     _LBP                                        7D       1       1       0   .abs_section_7d
     _LB                                         7E       1       1       0   .abs_section_7e
     _LAPAB                                      7F       1       1       0   .abs_section_7f
     _SRS                                      1800       1       1       1   .abs_section_1800
     _SBDFR                                    1801       1       1       0   .abs_section_1801
     _SOPT1                                    1802       1       1       1   .abs_section_1802
     _SOPT2                                    1803       1       1       0   .abs_section_1803
     _SPMSC1                                   1808       1       1       1   .abs_section_1808
     _SPMSC2                                   1809       1       1       1   .abs_section_1809
     _SPMSC3                                   180B       1       1       0   .abs_section_180b
     _SCGC1                                    180E       1       1       1   .abs_section_180e
     _SCGC2                                    180F       1       1       1   .abs_section_180f
     _DBGCAX                                   1818       1       1       0   .abs_section_1818
     _DBGCBX                                   1819       1       1       0   .abs_section_1819
     _DBGCCX                                   181A       1       1       0   .abs_section_181a
     _DBGFX                                    181B       1       1       0   .abs_section_181b
     _DBGC                                     181C       1       1       0   .abs_section_181c
     _DBGT                                     181D       1       1       0   .abs_section_181d
     _DBGS                                     181E       1       1       0   .abs_section_181e
     _DBGCNT                                   181F       1       1       0   .abs_section_181f
     _FCDIV                                    1820       1       1       1   .abs_section_1820
     _FOPT                                     1821       1       1       0   .abs_section_1821
     _FCNFG                                    1823       1       1       0   .abs_section_1823
     _FPROT                                    1824       1       1       0   .abs_section_1824
     _FSTAT                                    1825       1       1       0   .abs_section_1825
     _FCMD                                     1826       1       1       0   .abs_section_1826
     _RTCSC                                    1830       1       1       0   .abs_section_1830
     _RTCCNT                                   1831       1       1       0   .abs_section_1831
     _RTCMOD                                   1832       1       1       0   .abs_section_1832
     _SPI2C1                                   1838       1       1       0   .abs_section_1838
     _SPI2C2                                   1839       1       1       0   .abs_section_1839
     _SPI2BR                                   183A       1       1       0   .abs_section_183a
     _SPI2S                                    183B       1       1       0   .abs_section_183b
     _SPI2D                                    183D       1       1       0   .abs_section_183d
     _PTAPE                                    1840       1       1       1   .abs_section_1840
     _PTASE                                    1841       1       1       0   .abs_section_1841
     _PTADS                                    1842       1       1       0   .abs_section_1842
     _PTBPE                                    1844       1       1       1   .abs_section_1844
     _PTBSE                                    1845       1       1       0   .abs_section_1845
     _PTBDS                                    1846       1       1       0   .abs_section_1846
     _PTCPE                                    1848       1       1       0   .abs_section_1848
     _PTCSE                                    1849       1       1       0   .abs_section_1849
     _PTCDS                                    184A       1       1       0   .abs_section_184a
     _PTDPE                                    184C       1       1       1   .abs_section_184c
     _PTDSE                                    184D       1       1       0   .abs_section_184d
     _PTDDS                                    184E       1       1       0   .abs_section_184e
     _PTEPE                                    1850       1       1       0   .abs_section_1850
     _PTESE                                    1851       1       1       0   .abs_section_1851
     _PTEDS                                    1852       1       1       0   .abs_section_1852
     _PTFPE                                    1854       1       1       1   .abs_section_1854
     _PTFSE                                    1855       1       1       0   .abs_section_1855
     _PTFDS                                    1856       1       1       0   .abs_section_1856
     _PTGPE                                    1858       1       1       1   .abs_section_1858
     _PTGSE                                    1859       1       1       0   .abs_section_1859
     _PTGDS                                    185A       1       1       0   .abs_section_185a
     _PTHPE                                    185C       1       1       0   .abs_section_185c
     _PTHSE                                    185D       1       1       0   .abs_section_185d
     _PTHDS                                    185E       1       1       0   .abs_section_185e
     _PTJPE                                    1860       1       1       0   .abs_section_1860
     _PTJSE                                    1861       1       1       0   .abs_section_1861
     _PTJDS                                    1862       1       1       0   .abs_section_1862
     _IIC2A                                    1868       1       1       0   .abs_section_1868
     _IIC2F                                    1869       1       1       0   .abs_section_1869
     _IIC2C1                                   186A       1       1       0   .abs_section_186a
     _IIC2S                                    186B       1       1       0   .abs_section_186b
     _IIC2D                                    186C       1       1       0   .abs_section_186c
     _IIC2C2                                   186D       1       1       0   .abs_section_186d
     _SCI2C1                                   1872       1       1       0   .abs_section_1872
     _SCI2C2                                   1873       1       1       0   .abs_section_1873
     _SCI2S1                                   1874       1       1       0   .abs_section_1874
     _SCI2S2                                   1875       1       1       0   .abs_section_1875
     _SCI2C3                                   1876       1       1       0   .abs_section_1876
     _SCI2D                                    1877       1       1       0   .abs_section_1877
     _PTCSET                                   1878       1       1       0   .abs_section_1878
     _PTESET                                   1879       1       1       0   .abs_section_1879
     _PTCCLR                                   187A       1       1       0   .abs_section_187a
     _PTECLR                                   187B       1       1       0   .abs_section_187b
     _PTCTOG                                   187C       1       1       0   .abs_section_187c
     _PTETOG                                   187D       1       1       0   .abs_section_187d
     _ADCR                                       12       2       2       9   .abs_section_12
     _ADCCV                                      14       2       2       0   .abs_section_14
     _SCI1BD                                     20       2       2       2   .abs_section_20
     _TPM1CNT                                    41       2       2       4   .abs_section_41
     _TPM1MOD                                    43       2       2       2   .abs_section_43
     _TPM1C0V                                    46       2       2       2   .abs_section_46
     _TPM1C1V                                    49       2       2       0   .abs_section_49
     _TPM1C2V                                    4C       2       2       0   .abs_section_4c
     _TPM2CNT                                    51       2       2       4   .abs_section_51
     _TPM2MOD                                    53       2       2       2   .abs_section_53
     _TPM2C0V                                    56       2       2       2   .abs_section_56
     _TPM2C1V                                    59       2       2       0   .abs_section_59
     _TPM2C2V                                    5C       2       2       0   .abs_section_5c
     _TPM3CNT                                    61       2       2       0   .abs_section_61
     _TPM3MOD                                    63       2       2       0   .abs_section_63
     _TPM3C0V                                    66       2       2       0   .abs_section_66
     _TPM3C1V                                    69       2       2       0   .abs_section_69
     _TPM3C2V                                    6C       2       2       0   .abs_section_6c
     _TPM3C3V                                    6F       2       2       0   .abs_section_6f
     _TPM3C4V                                    72       2       2       0   .abs_section_72
     _TPM3C5V                                    75       2       2       0   .abs_section_75
     _SDID                                     1806       2       2       0   .abs_section_1806
     _DBGCA                                    1810       2       2       0   .abs_section_1810
     _DBGCB                                    1812       2       2       0   .abs_section_1812
     _DBGCC                                    1814       2       2       0   .abs_section_1814
     _DBGF                                     1816       2       2       0   .abs_section_1816
     _SCI2BD                                   1870       2       2       0   .abs_section_1870
MODULE:                 -- Start08.c.o --
- PROCEDURES:
     loadByte                                  4000       E      14       5   .init       
     Init                                      400E      6D     109       1   .init       
     _Startup                                  407B       9       9       0   .init       
- VARIABLES:
     _startupData                              4084       6       6       4   .startData  
- LABELS:
     __SEG_END_SSTACK                          1ABD       0       0       1               
MODULE:                 -- mcu_init.c.o --
- PROCEDURES:
     mcu_init                                  5181      2E      46       1   .text       
- VARIABLES:
MODULE:                 -- sci.c.o --
- PROCEDURES:
     SCI_Init                                  51AF       E      14       1   .text       
     SCI_TxByte                                51BD       C      12      28   .text       
- VARIABLES:
MODULE:                 -- sw_iic.c.o --
- PROCEDURES:
     SwIIC_Delay                               51C9       E      14      12   .text       
     SwIIC_Wait                                51D7       6       6      16   .text       
     SwIIC_Init                                51DD      14      20       2   .text       
     IIC_DATA_0                                51F1      33      51       6   .text       
     IIC_DATA_1                                5224      31      49       6   .text       
     IIC_GetBit                                5255      3D      61       6   .text       
     IIC_START                                 5292      12      18       5   .text       
     IIC_REPEAT_START                          52A4      2D      45       2   .text       
     IIC_STOP                                  52D1      34      52       4   .text       
     SwIIC_SendAddressWrite                    5305      28      40       4   .text       
     SwIIC_SendAddressRead                     532D      28      40       2   .text       
     SwIIC_SendRegister                        5355      20      32       4   .text       
     IIC_ReadByte                              5375      23      35       3   .text       
     IIC_SendByte                              5398      20      32       1   .text       
     IIC_SendByteM                             53B8      20      32       1   .text       
     SwIIC_ReadByte                            53D8      5A      90       2   .text       
     SwIIC_WriteByte                           5432      49      73       2   .text       
     SwIIC_MultiReadBytes                      547B      8B     139       2   .text       
     SwIIC_MultiWriteBytes                     5506      CE     206       4   .text       
- VARIABLES:
     ak1                                       1880       1       1      10   .data       
     ak2                                       1881       1       1       9   .data       
     ak3                                       1882       1       1      12   .data       
MODULE:                 -- sw_spi.c.o --
- PROCEDURES:
     SwSPI_Wait                                55D4       6       6       2   .text       
     SwSPI_Init                                55DA      18      24       1   .text       
     SwSPI_SendChar                            55F2      3E      62       4   .text       
     SwSPI_ReceiveChar                         5630       4       4       1   .text       
     SwSPI_ReadByte                            5634      14      20       1   .text       
     SwSPI_WriteByte                           5648      17      23       1   .text       
- VARIABLES:
     rx_byte                                   1887       1       1       3   .bss        
MODULE:                 -- doonstack.asm.o --
- PROCEDURES:
     DoOnStack                                 586B       6       6       0   MyCode      
     SpMoveLoop                                5871      18      24       0   MyCode      
     I_set                                     5889       5       5       0   MyCode      
     I_cont                                    588E       4       4       0   MyCode      
     SpSub                                     5892      11      17       1   MyCode      
     ChkDone                                   58A3       6       6       0   MyCode      
     SpSubEnd                                  58A9       1       1       1   MyCode      
     FlashErase1                               58AA       D      13       1   MyCode      
     FlashProg1                                58B7       D      13       0   MyCode      
     SpSubBurst                                58C4      2E      46       1   MyCode      
     FlashWriteOk                              58F2       4       4       0   MyCode      
     ChkDoneBurst                              58F6       7       7       0   MyCode      
     SpSubEndBurst                             58FD       1       1       1   MyCode      
     FlashProgBurst                            58FE       B      11       1   MyCode      
     SpMoveLoopBurst                           5909      14      20       0   MyCode      
     I_setBurst                                591D       1       1       0   MyCode      
     I_contBurst                               591E       3       3       0   MyCode      
- VARIABLES:
MODULE:                 -- adc.c.o --
- PROCEDURES:
     initADC_Bits                              565F       D      13       7   .text       
     ReadADC_Hermes                            566C      31      49       1   .text       
     initTemp_QE128                            569D      A1     161       1   .text       
     Temp_QE128                                573E      B2     178       1   .text       
     VDD_QE128                                 57F0      3C      60       1   .text       
     VDD_Temp_QE128                            582C      3F      63       1   .text       
- VARIABLES:
     VDD                                       18A9       2       2       3   .common     
     VDD2                                      18AB       2       2       1   .common     
     Temp_Voltage25_12Bits                     18AD       4       4       4   .common     
     Temp_ColdSlope12Bits                      18B1       4       4       2   .common     
     Temp_HotSlope12Bits                       18B5       4       4       2   .common     
     measuredtemp                              18B9       4       4       2   .common     

*********************************************************************************************
MODULE STATISTIC
  Name                                      Data   Code  Const
---------------------------------------------------------------------------------------------
  main.c.o                                   135   3279      6
  RTSHC08.C.o (ansifs.lib)                     0   1056      0
  MC9S08QE128.C.o                            207      0      0
  Start08.c.o                                  0    132      0
  mcu_init.c.o                                 0     46      0
  sci.c.o                                      0     26      0
  sw_iic.c.o                                   3   1035      0
  sw_spi.c.o                                   1    139      0
  doonstack.asm.o                              0    182      0
  adc.c.o                                     20    524      0
  other                                      512     16     25

*********************************************************************************************
SECTION USE IN OBJECT-ALLOCATION SECTION
---------------------------------------------------------------------------------------------
SECTION: ".text"
  Dummy_Pointer CheckButt0 CheckButt1 CheckButt2 CheckButt3 main Delay 
  SCI_Display Delay_Xms Read_AccelerometerIon Init_SensorIon SetUp_GselectIon 
  SetUp_ModeOfSensorIon Change_SensorInterface Ion_SwitchMode 
  Ion_ClearIntLatchINT1 Ion_ClearIntLatchINT2 Ion_ClearIntLatch 
  AutoCalibration_Ion ReadAllIonRegisters initTPM1CH0 SetUp_TPM_Value1 
  Reset_Counter1 Clear_TOF1 Clear_CHOF1 initTPM2CH0 SetUp_TPM_Value2 
  Reset_Counter2 Clear_TOF2 Clear_CHOF2 ReadIonMODE ReadIonMCTL ReadIonCTL1 
  ReadIonLDTH ReadIonPDTH ReadIonPW ReadIonLT ReadIonTW _PUSH_ARGS_L 
  _ENTER_UNARY_L _ENTER_BINARY_L _ENTER_BINARY_L_RC _ENTER_BINARY_L_LC _IDIVMOD 
  _SPLITSIGN _LADD_k_is_k_plus_j _k_is_k_plus_j_l _k_is_k_plus_j_i 
  _LSUB_k_is_k_minus_j _LMUL_k_is_k_mul_j _LDIVMOD _NEG_L_HX _ABS_L_HX 
  _SPLITSIGN_L _LDIVU_k_is_k_div_j _LDIVS_k_is_k_div_j _LCMP_k_rel_j 
  _IDIVS_STAR08 _ICMP _LINC _LADD _LADD_RC _LSUB _LSUB_LC _LMUL_RC _LDIVS_LC 
  _LDIVU _LLSR _LCMP _POP32 _CALL_STAR08 _Jump_Table_Header_Addr mcu_init 
  SCI_Init SCI_TxByte SwIIC_Delay SwIIC_Wait SwIIC_Init IIC_DATA_0 IIC_DATA_1 
  IIC_GetBit IIC_START IIC_REPEAT_START IIC_STOP SwIIC_SendAddressWrite 
  SwIIC_SendAddressRead SwIIC_SendRegister IIC_ReadByte IIC_SendByte 
  IIC_SendByteM SwIIC_ReadByte SwIIC_WriteByte SwIIC_MultiReadBytes 
  SwIIC_MultiWriteBytes SwSPI_Wait SwSPI_Init SwSPI_SendChar SwSPI_ReceiveChar 
  SwSPI_ReadByte SwSPI_WriteByte initADC_Bits ReadADC_Hermes initTemp_QE128 
  Temp_QE128 VDD_QE128 VDD_Temp_QE128 
SECTION: ".data"
  ak1 ak2 ak3 
SECTION: ".bss"
  last_st.1 last_st.2 last_st.3 last_st.4 rx_byte 
SECTION: ".init"
  loadByte Init _Startup 
SECTION: "_DATA_ZEROPAGE"
  mode iic_active p_Ion_InitInterface p_Ion_ReadByte p_Ion_WriteByte 
  p_Ion_MultiReadBytes p_Ion_MultiWriteBytes counterreset n X Y Z ion_reg calib 
  break_loop0 break_loop1 break_loop2 break_loop3 break_loop4 tmp_buffer init 
  readTPM1C0SC counterVALUE1 counterVALUE1L counterVALUE1H readTPM2C0SC 
  counterVALUE2 counterVALUE2L counterVALUE2H temp_QE128H temp_QE128L 
  VDD_QE128H VDD_QE128L x_hermesH x_hermesL y_hermesH y_hermesL z_hermesH 
  z_hermesL 
SECTION: "EEPROM"
  calib_eeprom 
SECTION: ".common"
  ReadMODE ReadRegXOUTL ReadRegXOUTH ReadRegYOUTL ReadRegYOUTH ReadRegZOUTL 
  ReadRegZOUTH ReadRegXOUT8 ReadRegYOUT8 ReadRegZOUT8 ReadRegSTATUS 
  ReadRegDETSRC ReadRegTOUT ReadRegRESERVED1 ReadRegI2CAD ReadRegUSRINF 
  ReadRegWHOAMI ReadRegXOFFL ReadRegXOFFH ReadRegYOFFL ReadRegYOFFH 
  ReadRegZOFFL ReadRegZOFFH ReadRegINTRST ReadRegMCTL ReadRegCTL1 ReadRegCTL2 
  ReadRegLDTH ReadRegPDTH ReadRegPW ReadRegLT ReadRegTW ReadRegRESERVED2 VDD 
  VDD2 Temp_Voltage25_12Bits Temp_ColdSlope12Bits Temp_HotSlope12Bits 
  measuredtemp 
SECTION: ".abs_section_0"
  _PTAD 
SECTION: ".abs_section_1"
  _PTADD 
SECTION: ".abs_section_2"
  _PTBD 
SECTION: ".abs_section_3"
  _PTBDD 
SECTION: ".abs_section_4"
  _PTCD 
SECTION: ".abs_section_5"
  _PTCDD 
SECTION: ".abs_section_6"
  _PTDD 
SECTION: ".abs_section_7"
  _PTDDD 
SECTION: ".abs_section_8"
  _PTED 
SECTION: ".abs_section_9"
  _PTEDD 
SECTION: ".abs_section_a"
  _PTFD 
SECTION: ".abs_section_b"
  _PTFDD 
SECTION: ".abs_section_c"
  _KBI1SC 
SECTION: ".abs_section_d"
  _KBI1PE 
SECTION: ".abs_section_e"
  _KBI1ES 
SECTION: ".abs_section_f"
  _IRQSC 
SECTION: ".abs_section_10"
  _ADCSC1 
SECTION: ".abs_section_11"
  _ADCSC2 
SECTION: ".abs_section_16"
  _ADCCFG 
SECTION: ".abs_section_17"
  _APCTL1 
SECTION: ".abs_section_18"
  _APCTL2 
SECTION: ".abs_section_19"
  _APCTL3 
SECTION: ".abs_section_1a"
  _ACMP1SC 
SECTION: ".abs_section_1b"
  _ACMP2SC 
SECTION: ".abs_section_1c"
  _PTGD 
SECTION: ".abs_section_1d"
  _PTGDD 
SECTION: ".abs_section_1e"
  _PTHD 
SECTION: ".abs_section_1f"
  _PTHDD 
SECTION: ".abs_section_22"
  _SCI1C1 
SECTION: ".abs_section_23"
  _SCI1C2 
SECTION: ".abs_section_24"
  _SCI1S1 
SECTION: ".abs_section_25"
  _SCI1S2 
SECTION: ".abs_section_26"
  _SCI1C3 
SECTION: ".abs_section_27"
  _SCI1D 
SECTION: ".abs_section_28"
  _SPI1C1 
SECTION: ".abs_section_29"
  _SPI1C2 
SECTION: ".abs_section_2a"
  _SPI1BR 
SECTION: ".abs_section_2b"
  _SPI1S 
SECTION: ".abs_section_2d"
  _SPI1D 
SECTION: ".abs_section_2e"
  _PTJD 
SECTION: ".abs_section_2f"
  _PTJDD 
SECTION: ".abs_section_30"
  _IIC1A 
SECTION: ".abs_section_31"
  _IIC1F 
SECTION: ".abs_section_32"
  _IIC1C1 
SECTION: ".abs_section_33"
  _IIC1S 
SECTION: ".abs_section_34"
  _IIC1D 
SECTION: ".abs_section_35"
  _IIC1C2 
SECTION: ".abs_section_38"
  _ICSC1 
SECTION: ".abs_section_39"
  _ICSC2 
SECTION: ".abs_section_3a"
  _ICSTRM 
SECTION: ".abs_section_3b"
  _ICSSC 
SECTION: ".abs_section_3c"
  _KBI2SC 
SECTION: ".abs_section_3d"
  _KBI2PE 
SECTION: ".abs_section_3e"
  _KBI2ES 
SECTION: ".abs_section_40"
  _TPM1SC 
SECTION: ".abs_section_45"
  _TPM1C0SC 
SECTION: ".abs_section_48"
  _TPM1C1SC 
SECTION: ".abs_section_4b"
  _TPM1C2SC 
SECTION: ".abs_section_50"
  _TPM2SC 
SECTION: ".abs_section_55"
  _TPM2C0SC 
SECTION: ".abs_section_58"
  _TPM2C1SC 
SECTION: ".abs_section_5b"
  _TPM2C2SC 
SECTION: ".abs_section_60"
  _TPM3SC 
SECTION: ".abs_section_65"
  _TPM3C0SC 
SECTION: ".abs_section_68"
  _TPM3C1SC 
SECTION: ".abs_section_6b"
  _TPM3C2SC 
SECTION: ".abs_section_6e"
  _TPM3C3SC 
SECTION: ".abs_section_71"
  _TPM3C4SC 
SECTION: ".abs_section_74"
  _TPM3C5SC 
SECTION: ".abs_section_78"
  _PPAGE 
SECTION: ".abs_section_79"
  _LAP2 
SECTION: ".abs_section_7a"
  _LAP1 
SECTION: ".abs_section_7b"
  _LAP0 
SECTION: ".abs_section_7c"
  _LWP 
SECTION: ".abs_section_7d"
  _LBP 
SECTION: ".abs_section_7e"
  _LB 
SECTION: ".abs_section_7f"
  _LAPAB 
SECTION: ".abs_section_1800"
  _SRS 
SECTION: ".abs_section_1801"
  _SBDFR 
SECTION: ".abs_section_1802"
  _SOPT1 
SECTION: ".abs_section_1803"
  _SOPT2 
SECTION: ".abs_section_1808"
  _SPMSC1 
SECTION: ".abs_section_1809"
  _SPMSC2 
SECTION: ".abs_section_180b"
  _SPMSC3 
SECTION: ".abs_section_180e"
  _SCGC1 
SECTION: ".abs_section_180f"
  _SCGC2 
SECTION: ".abs_section_1818"
  _DBGCAX 
SECTION: ".abs_section_1819"
  _DBGCBX 
SECTION: ".abs_section_181a"
  _DBGCCX 
SECTION: ".abs_section_181b"
  _DBGFX 
SECTION: ".abs_section_181c"
  _DBGC 
SECTION: ".abs_section_181d"
  _DBGT 
SECTION: ".abs_section_181e"
  _DBGS 
SECTION: ".abs_section_181f"
  _DBGCNT 
SECTION: ".abs_section_1820"
  _FCDIV 
SECTION: ".abs_section_1821"
  _FOPT 
SECTION: ".abs_section_1823"
  _FCNFG 
SECTION: ".abs_section_1824"
  _FPROT 
SECTION: ".abs_section_1825"
  _FSTAT 
SECTION: ".abs_section_1826"
  _FCMD 
SECTION: ".abs_section_1830"
  _RTCSC 
SECTION: ".abs_section_1831"
  _RTCCNT 
SECTION: ".abs_section_1832"
  _RTCMOD 
SECTION: ".abs_section_1838"
  _SPI2C1 
SECTION: ".abs_section_1839"
  _SPI2C2 
SECTION: ".abs_section_183a"
  _SPI2BR 
SECTION: ".abs_section_183b"
  _SPI2S 
SECTION: ".abs_section_183d"
  _SPI2D 
SECTION: ".abs_section_1840"
  _PTAPE 
SECTION: ".abs_section_1841"
  _PTASE 
SECTION: ".abs_section_1842"
  _PTADS 
SECTION: ".abs_section_1844"
  _PTBPE 
SECTION: ".abs_section_1845"
  _PTBSE 
SECTION: ".abs_section_1846"
  _PTBDS 
SECTION: ".abs_section_1848"
  _PTCPE 
SECTION: ".abs_section_1849"
  _PTCSE 
SECTION: ".abs_section_184a"
  _PTCDS 
SECTION: ".abs_section_184c"
  _PTDPE 
SECTION: ".abs_section_184d"
  _PTDSE 
SECTION: ".abs_section_184e"
  _PTDDS 
SECTION: ".abs_section_1850"
  _PTEPE 
SECTION: ".abs_section_1851"
  _PTESE 
SECTION: ".abs_section_1852"
  _PTEDS 
SECTION: ".abs_section_1854"
  _PTFPE 
SECTION: ".abs_section_1855"
  _PTFSE 
SECTION: ".abs_section_1856"
  _PTFDS 
SECTION: ".abs_section_1858"
  _PTGPE 
SECTION: ".abs_section_1859"
  _PTGSE 
SECTION: ".abs_section_185a"
  _PTGDS 
SECTION: ".abs_section_185c"
  _PTHPE 
SECTION: ".abs_section_185d"
  _PTHSE 
SECTION: ".abs_section_185e"
  _PTHDS 
SECTION: ".abs_section_1860"
  _PTJPE 
SECTION: ".abs_section_1861"
  _PTJSE 
SECTION: ".abs_section_1862"
  _PTJDS 
SECTION: ".abs_section_1868"
  _IIC2A 
SECTION: ".abs_section_1869"
  _IIC2F 
SECTION: ".abs_section_186a"
  _IIC2C1 
SECTION: ".abs_section_186b"
  _IIC2S 
SECTION: ".abs_section_186c"
  _IIC2D 
SECTION: ".abs_section_186d"
  _IIC2C2 
SECTION: ".abs_section_1872"
  _SCI2C1 
SECTION: ".abs_section_1873"
  _SCI2C2 
SECTION: ".abs_section_1874"
  _SCI2S1 
SECTION: ".abs_section_1875"
  _SCI2S2 
SECTION: ".abs_section_1876"
  _SCI2C3 
SECTION: ".abs_section_1877"
  _SCI2D 
SECTION: ".abs_section_1878"
  _PTCSET 
SECTION: ".abs_section_1879"
  _PTESET 
SECTION: ".abs_section_187a"
  _PTCCLR 
SECTION: ".abs_section_187b"
  _PTECLR 
SECTION: ".abs_section_187c"
  _PTCTOG 
SECTION: ".abs_section_187d"
  _PTETOG 
SECTION: ".abs_section_12"
  _ADCR 
SECTION: ".abs_section_14"
  _ADCCV 
SECTION: ".abs_section_20"
  _SCI1BD 
SECTION: ".abs_section_41"
  _TPM1CNT 
SECTION: ".abs_section_43"
  _TPM1MOD 
SECTION: ".abs_section_46"
  _TPM1C0V 
SECTION: ".abs_section_49"
  _TPM1C1V 
SECTION: ".abs_section_4c"
  _TPM1C2V 
SECTION: ".abs_section_51"
  _TPM2CNT 
SECTION: ".abs_section_53"
  _TPM2MOD 
SECTION: ".abs_section_56"
  _TPM2C0V 
SECTION: ".abs_section_59"
  _TPM2C1V 
SECTION: ".abs_section_5c"
  _TPM2C2V 
SECTION: ".abs_section_61"
  _TPM3CNT 
SECTION: ".abs_section_63"
  _TPM3MOD 
SECTION: ".abs_section_66"
  _TPM3C0V 
SECTION: ".abs_section_69"
  _TPM3C1V 
SECTION: ".abs_section_6c"
  _TPM3C2V 
SECTION: ".abs_section_6f"
  _TPM3C3V 
SECTION: ".abs_section_72"
  _TPM3C4V 
SECTION: ".abs_section_75"
  _TPM3C5V 
SECTION: ".abs_section_1806"
  _SDID 
SECTION: ".abs_section_1810"
  _DBGCA 
SECTION: ".abs_section_1812"
  _DBGCB 
SECTION: ".abs_section_1814"
  _DBGCC 
SECTION: ".abs_section_1816"
  _DBGF 
SECTION: ".abs_section_1870"
  _SCI2BD 
SECTION: "MyCode"
  DoOnStack SpMoveLoop I_set I_cont SpSub ChkDone SpSubEnd FlashErase1 
  FlashProg1 SpSubBurst FlashWriteOk ChkDoneBurst SpSubEndBurst FlashProgBurst 
  SpMoveLoopBurst I_setBurst I_contBurst 

*********************************************************************************************
OBJECT LIST SORTED BY ADDRESS
     Name                                      Addr   hSize   dSize     Ref    Section   RLIB
---------------------------------------------------------------------------------------------
     _PTAD                                        0       1       1       6   .abs_section_0
     _PTADD                                       1       1       1       2   .abs_section_1
     _PTBD                                        2       1       1      27   .abs_section_2
     _PTBDD                                       3       1       1      21   .abs_section_3
     _PTCD                                        4       1       1      34   .abs_section_4
     _PTCDD                                       5       1       1       6   .abs_section_5
     _PTDD                                        6       1       1       8   .abs_section_6
     _PTDDD                                       7       1       1       3   .abs_section_7
     _PTED                                        8       1       1       2   .abs_section_8
     _PTEDD                                       9       1       1       2   .abs_section_9
     _PTFD                                        A       1       1      15   .abs_section_a
     _PTFDD                                       B       1       1       2   .abs_section_b
     _KBI1SC                                      C       1       1       0   .abs_section_c
     _KBI1PE                                      D       1       1       0   .abs_section_d
     _KBI1ES                                      E       1       1       0   .abs_section_e
     _IRQSC                                       F       1       1       0   .abs_section_f
     _ADCSC1                                     10       1       1      12   .abs_section_10
     _ADCSC2                                     11       1       1       1   .abs_section_11
     _ADCR                                       12       2       2       9   .abs_section_12
     _ADCCV                                      14       2       2       0   .abs_section_14
     _ADCCFG                                     16       1       1       1   .abs_section_16
     _APCTL1                                     17       1       1       1   .abs_section_17
     _APCTL2                                     18       1       1       1   .abs_section_18
     _APCTL3                                     19       1       1       1   .abs_section_19
     _ACMP1SC                                    1A       1       1       0   .abs_section_1a
     _ACMP2SC                                    1B       1       1       0   .abs_section_1b
     _PTGD                                       1C       1       1       8   .abs_section_1c
     _PTGDD                                      1D       1       1       3   .abs_section_1d
     _PTHD                                       1E       1       1       0   .abs_section_1e
     _PTHDD                                      1F       1       1       0   .abs_section_1f
     _SCI1BD                                     20       2       2       2   .abs_section_20
     _SCI1C1                                     22       1       1       1   .abs_section_22
     _SCI1C2                                     23       1       1       1   .abs_section_23
     _SCI1S1                                     24       1       1       2   .abs_section_24
     _SCI1S2                                     25       1       1       1   .abs_section_25
     _SCI1C3                                     26       1       1       1   .abs_section_26
     _SCI1D                                      27       1       1       1   .abs_section_27
     _SPI1C1                                     28       1       1       0   .abs_section_28
     _SPI1C2                                     29       1       1       0   .abs_section_29
     _SPI1BR                                     2A       1       1       0   .abs_section_2a
     _SPI1S                                      2B       1       1       0   .abs_section_2b
     _SPI1D                                      2D       1       1       0   .abs_section_2d
     _PTJD                                       2E       1       1       0   .abs_section_2e
     _PTJDD                                      2F       1       1       0   .abs_section_2f
     _IIC1A                                      30       1       1       0   .abs_section_30
     _IIC1F                                      31       1       1       0   .abs_section_31
     _IIC1C1                                     32       1       1       0   .abs_section_32
     _IIC1S                                      33       1       1       0   .abs_section_33
     _IIC1D                                      34       1       1       0   .abs_section_34
     _IIC1C2                                     35       1       1       0   .abs_section_35
     _ICSC1                                      38       1       1       1   .abs_section_38
     _ICSC2                                      39       1       1       1   .abs_section_39
     _ICSTRM                                     3A       1       1       1   .abs_section_3a
     _ICSSC                                      3B       1       1       1   .abs_section_3b
     _KBI2SC                                     3C       1       1       0   .abs_section_3c
     _KBI2PE                                     3D       1       1       0   .abs_section_3d
     _KBI2ES                                     3E       1       1       0   .abs_section_3e
     _TPM1SC                                     40       1       1       3   .abs_section_40
     _TPM1CNT                                    41       2       2       4   .abs_section_41
     _TPM1MOD                                    43       2       2       2   .abs_section_43
     _TPM1C0SC                                   45       1       1       5   .abs_section_45
     _TPM1C0V                                    46       2       2       2   .abs_section_46
     _TPM1C1SC                                   48       1       1       0   .abs_section_48
     _TPM1C1V                                    49       2       2       0   .abs_section_49
     _TPM1C2SC                                   4B       1       1       0   .abs_section_4b
     _TPM1C2V                                    4C       2       2       0   .abs_section_4c
     _TPM2SC                                     50       1       1       3   .abs_section_50
     _TPM2CNT                                    51       2       2       4   .abs_section_51
     _TPM2MOD                                    53       2       2       2   .abs_section_53
     _TPM2C0SC                                   55       1       1       5   .abs_section_55
     _TPM2C0V                                    56       2       2       2   .abs_section_56
     _TPM2C1SC                                   58       1       1       0   .abs_section_58
     _TPM2C1V                                    59       2       2       0   .abs_section_59
     _TPM2C2SC                                   5B       1       1       0   .abs_section_5b
     _TPM2C2V                                    5C       2       2       0   .abs_section_5c
     _TPM3SC                                     60       1       1       0   .abs_section_60
     _TPM3CNT                                    61       2       2       0   .abs_section_61
     _TPM3MOD                                    63       2       2       0   .abs_section_63
     _TPM3C0SC                                   65       1       1       0   .abs_section_65
     _TPM3C0V                                    66       2       2       0   .abs_section_66
     _TPM3C1SC                                   68       1       1       0   .abs_section_68
     _TPM3C1V                                    69       2       2       0   .abs_section_69
     _TPM3C2SC                                   6B       1       1       0   .abs_section_6b
     _TPM3C2V                                    6C       2       2       0   .abs_section_6c
     _TPM3C3SC                                   6E       1       1       0   .abs_section_6e
     _TPM3C3V                                    6F       2       2       0   .abs_section_6f
     _TPM3C4SC                                   71       1       1       0   .abs_section_71
     _TPM3C4V                                    72       2       2       0   .abs_section_72
     _TPM3C5SC                                   74       1       1       0   .abs_section_74
     _TPM3C5V                                    75       2       2       0   .abs_section_75
     _PPAGE                                      78       1       1       0   .abs_section_78
     _LAP2                                       79       1       1       0   .abs_section_79
     _LAP1                                       7A       1       1       0   .abs_section_7a
     _LAP0                                       7B       1       1       0   .abs_section_7b
     _LWP                                        7C       1       1       0   .abs_section_7c
     _LBP                                        7D       1       1       0   .abs_section_7d
     _LB                                         7E       1       1       0   .abs_section_7e
     _LAPAB                                      7F       1       1       0   .abs_section_7f
     mode                                        80       1       1      11   _DATA_ZEROPAGE
     iic_active                                  81       1       1       6   _DATA_ZEROPAGE
     p_Ion_InitInterface                         82       2       2       3   _DATA_ZEROPAGE
     p_Ion_ReadByte                              84       2       2      22   _DATA_ZEROPAGE
     p_Ion_WriteByte                             86       2       2      42   _DATA_ZEROPAGE
     p_Ion_MultiReadBytes                        88       2       2       3   _DATA_ZEROPAGE
     p_Ion_MultiWriteBytes                       8A       2       2       3   _DATA_ZEROPAGE
     counterreset                                8C       4       4       3   _DATA_ZEROPAGE
     n                                           90       1       1       6   _DATA_ZEROPAGE
     X                                           91       1       1       2   _DATA_ZEROPAGE
     Y                                           92       1       1       2   _DATA_ZEROPAGE
     Z                                           93       1       1       2   _DATA_ZEROPAGE
     ion_reg                                     94      20      32      34   _DATA_ZEROPAGE
     calib                                       B4       6       6       4   _DATA_ZEROPAGE
     break_loop0                                 BA       1       1       6   _DATA_ZEROPAGE
     break_loop1                                 BB       1       1       6   _DATA_ZEROPAGE
     break_loop2                                 BC       1       1       6   _DATA_ZEROPAGE
     break_loop3                                 BD       1       1       6   _DATA_ZEROPAGE
     break_loop4                                 BE       1       1       6   _DATA_ZEROPAGE
     tmp_buffer                                  BF       A      10      87   _DATA_ZEROPAGE
     init                                        C9       1       1       6   _DATA_ZEROPAGE
     readTPM1C0SC                                CA       1       1       1   _DATA_ZEROPAGE
     counterVALUE1                               CB       4       4       7   _DATA_ZEROPAGE
     counterVALUE1L                              CF       1       1       2   _DATA_ZEROPAGE
     counterVALUE1H                              D0       1       1       2   _DATA_ZEROPAGE
     readTPM2C0SC                                D1       1       1       1   _DATA_ZEROPAGE
     counterVALUE2                               D2       4       4       7   _DATA_ZEROPAGE
     counterVALUE2L                              D6       1       1       2   _DATA_ZEROPAGE
     counterVALUE2H                              D7       1       1       2   _DATA_ZEROPAGE
     temp_QE128H                                 D8       1       1       2   _DATA_ZEROPAGE
     temp_QE128L                                 D9       1       1       2   _DATA_ZEROPAGE
     VDD_QE128H                                  DA       1       1       3   _DATA_ZEROPAGE
[...]
initTPM1CH0               USES _TPM1SC _TPM1CNT _TPM1MOD _TPM1C0SC 
                                SetUp_TPM_Value1 
SetUp_TPM_Value1          USES counterVALUE1 _LMUL_RC _POP32 _LLSR _LADD_RC 
                                counterVALUE1H _TPM1C0V counterVALUE1L 
Reset_Counter1            USES _TPM1CNT 
Clear_TOF1                USES _TPM1SC 
Clear_CHOF1               USES _TPM1C0SC 
initTPM2CH0               USES _TPM2SC _TPM2CNT _TPM2MOD _TPM2C0SC 
                                SetUp_TPM_Value2 
SetUp_TPM_Value2          USES counterVALUE2 _LMUL_RC _POP32 _LLSR _LADD_RC 
                                counterVALUE2H _TPM2C0V counterVALUE2L 
Reset_Counter2            USES _TPM2CNT 
Clear_TOF2                USES _TPM2SC 
Clear_CHOF2               USES _TPM2C0SC 
ReadIonMODE               USES mode ReadMODE 
ReadIonMCTL               USES p_Ion_ReadByte ReadRegMCTL 
ReadIonCTL1               USES p_Ion_ReadByte ReadRegCTL1 
ReadIonLDTH               USES p_Ion_ReadByte ReadRegLDTH 
ReadIonPDTH               USES p_Ion_ReadByte ReadRegPDTH 
ReadIonPW                 USES p_Ion_ReadByte ReadRegPW 
ReadIonLT                 USES p_Ion_ReadByte ReadRegLT 
ReadIonTW                 USES p_Ion_ReadByte ReadRegTW 
_ENTER_BINARY_L           USES _PUSH_ARGS_L 
_ENTER_BINARY_L_RC        USES _PUSH_ARGS_L 
_ENTER_BINARY_L_LC        USES _PUSH_ARGS_L 
_SPLITSIGN                USES _IDIVMOD 
_LMUL_k_is_k_mul_j        USES _k_is_k_plus_j_l _k_is_k_plus_j_i 
_ABS_L_HX                 USES _NEG_L_HX 
_SPLITSIGN_L              USES _ABS_L_HX 
_LDIVU_k_is_k_div_j       USES _LDIVMOD 
_LDIVS_k_is_k_div_j       USES _SPLITSIGN_L _LDIVMOD _NEG_L_HX 
_IDIVS_STAR08             USES _SPLITSIGN 
_LINC                     USES _ENTER_UNARY_L 
_LADD                     USES _ENTER_BINARY_L _LADD_k_is_k_plus_j 
_LADD_RC                  USES _ENTER_BINARY_L_RC _LADD_k_is_k_plus_j 
_LSUB                     USES _ENTER_BINARY_L _LSUB_k_is_k_minus_j 
_LSUB_LC                  USES _ENTER_BINARY_L_LC _LSUB_k_is_k_minus_j 
_LMUL_RC                  USES _ENTER_BINARY_L_RC _LMUL_k_is_k_mul_j 
_LDIVS_LC                 USES _ENTER_BINARY_L_LC _LDIVS_k_is_k_div_j 
_LDIVU                    USES _ENTER_BINARY_L _LDIVU_k_is_k_div_j 
_LLSR                     USES _ENTER_UNARY_L 
_LCMP                     USES _ENTER_BINARY_L _LCMP_k_rel_j 
mcu_init                  USES _SOPT1 _SCGC1 _SCGC2 _ICSC1 _ICSC2 _ICSTRM 
                                _ICSSC _SPMSC1 _SPMSC2 _SRS 
SCI_Init                  USES _SCI1BD _SCI1C1 _SCI1C2 _SCI1C3 _SCI1S2 
SCI_TxByte                USES _SCI1S1 _SCI1D 
SwIIC_Init                USES _PTBDD _PTGDD _PTBPE _PTGD 
IIC_DATA_0                USES _PTBD _PTBDD SwIIC_Wait 
IIC_DATA_1                USES _PTBDD SwIIC_Wait _PTBD 
IIC_GetBit                USES _PTBDD SwIIC_Wait _PTBD 
IIC_START                 USES _PTBD _PTBDD SwIIC_Wait 
IIC_REPEAT_START          USES _PTBDD SwIIC_Wait _PTBD IIC_START 
IIC_STOP                  USES _PTBD _PTBDD SwIIC_Wait 
SwIIC_SendAddressWrite    USES IIC_DATA_1 IIC_DATA_0 IIC_GetBit ak1 
SwIIC_SendAddressRead     USES IIC_DATA_1 IIC_DATA_0 IIC_GetBit ak3 
SwIIC_SendRegister        USES IIC_DATA_1 IIC_DATA_0 IIC_GetBit ak2 
IIC_ReadByte              USES IIC_GetBit IIC_DATA_0 IIC_DATA_1 
IIC_SendByte              USES IIC_DATA_1 IIC_DATA_0 IIC_GetBit ak3 
IIC_SendByteM             USES IIC_DATA_1 IIC_DATA_0 IIC_GetBit ak3 
SwIIC_ReadByte            USES ak3 IIC_START SwIIC_Delay 
                                SwIIC_SendAddressWrite ak1 SwIIC_SendRegister ak2 IIC_REPEAT_START 
                                SwIIC_SendAddressRead IIC_ReadByte IIC_STOP 
SwIIC_WriteByte           USES ak3 IIC_START SwIIC_Delay 
                                SwIIC_SendAddressWrite ak1 SwIIC_SendRegister ak2 IIC_SendByte 
                                IIC_STOP 
SwIIC_MultiReadBytes      USES ak3 IIC_START SwIIC_Delay 
                                SwIIC_SendAddressWrite ak1 SwIIC_SendRegister ak2 IIC_REPEAT_START 
                                SwIIC_SendAddressRead IIC_ReadByte _ICMP IIC_STOP 
SwIIC_MultiWriteBytes     USES ak1 ak2 ak3 SwIIC_MultiWriteBytes IIC_START 
                                SwIIC_Delay SwIIC_SendAddressWrite SwIIC_SendRegister 
                                IIC_SendByteM IIC_STOP _ICMP 
SwSPI_Init                USES _PTBD _PTGD _PTBDD _PTGDD _PTGPE 
SwSPI_SendChar            USES rx_byte _PTBD SwSPI_Wait _PTGD 
SwSPI_ReceiveChar         USES rx_byte 
SwSPI_ReadByte            USES _PTBD _PTGD SwSPI_SendChar SwSPI_ReceiveChar 
SwSPI_WriteByte           USES _PTBD _PTGD SwSPI_SendChar 
initADC_Bits              USES _ADCCFG _ADCSC2 _APCTL1 _APCTL2 _APCTL3 
ReadADC_Hermes            USES _ADCSC1 _ADCR x_hermesH x_hermesL y_hermesH 
                                y_hermesL z_hermesH z_hermesL 
initTemp_QE128            USES VDD_Temp_QE128 _LADD _POP32 _LDIVU VDD2 
                                _LDIVS_LC Temp_ColdSlope12Bits Temp_HotSlope12Bits 
                                Temp_Voltage25_12Bits 
Temp_QE128                USES initADC_Bits _ADCSC1 _ADCR measuredtemp 
                                Temp_Voltage25_12Bits _LCMP _LSUB _LMUL_RC _POP32 
                                Temp_ColdSlope12Bits _LDIVU _LSUB_LC _LADD_RC Temp_HotSlope12Bits 
                                temp_QE128L temp_QE128H 
VDD_QE128                 USES initADC_Bits _ADCSC1 _ADCR _LDIVS_LC VDD 
                                VDD_QE128L VDD_QE128H 
VDD_Temp_QE128            USES initADC_Bits _ADCSC1 _ADCR _LDIVS_LC VDD 
                                VDD_QE128L VDD_QE128H 
DoOnStack                 USES SpSubEnd 
SpMoveLoop                USES SpSub 
FlashProgBurst            USES SpSubEndBurst 
SpMoveLoopBurst           USES SpSubBurst 

*********************************************************************************************
DEPENDENCY TREE
*********************************************************************************************
 main and _Startup Group
 | 
 +- main                
 |  | 
 |  +- mcu_init            
 |  |    
 |  +- initADC_Bits        
 |  |    
 |  +- SCI_Init            
 |  |    
 |  +- Change_SensorInterface
 |  |  | 
 |  |  +- SwIIC_Init          
 |  |  |    
 |  |  +- p_Ion_InitInterface 
 |  |  |  | 
 |  |  |  +- SwIIC_Init           (see above)
 |  |  |     
 |  |  +- SwIIC_ReadByte      
 |  |  |  | 
 |  |  |  +- IIC_START           
 |  |  |  |  | 
 |  |  |  |  +- SwIIC_Wait          
 |  |  |  |       
 |  |  |  +- SwIIC_Delay         
 |  |  |  |    
 |  |  |  +- SwIIC_SendAddressWrite
 |  |  |  |  | 
 |  |  |  |  +- IIC_DATA_1          
 |  |  |  |  |  | 
 |  |  |  |  |  +- SwIIC_Wait           (see above)
 |  |  |  |  |     
 |  |  |  |  +- IIC_DATA_0          
 |  |  |  |  |  | 
 |  |  |  |  |  +- SwIIC_Wait           (see above)
 |  |  |  |  |     
 |  |  |  |  +- IIC_GetBit          
 |  |  |  |     | 
 |  |  |  |     +- SwIIC_Wait           (see above)
 |  |  |  |        
 |  |  |  +- SwIIC_SendRegister  
 |  |  |  |  | 
 |  |  |  |  +- IIC_DATA_1           (see above)
 |  |  |  |  |  
 |  |  |  |  +- IIC_DATA_0           (see above)
 |  |  |  |  |  
 |  |  |  |  +- IIC_GetBit           (see above)
 |  |  |  |     
 |  |  |  +- IIC_REPEAT_START    
 |  |  |  |  | 
 |  |  |  |  +- SwIIC_Wait           (see above)
 |  |  |  |  |  
 |  |  |  |  +- IIC_START            (see above)
 |  |  |  |     
 |  |  |  +- SwIIC_SendAddressRead
 |  |  |  |  | 
 |  |  |  |  +- IIC_DATA_1           (see above)
 |  |  |  |  |  
 |  |  |  |  +- IIC_DATA_0           (see above)
 |  |  |  |  |  
 |  |  |  |  +- IIC_GetBit           (see above)
 |  |  |  |     
 |  |  |  +- IIC_ReadByte        
 |  |  |  |  | 
 |  |  |  |  +- IIC_GetBit           (see above)
 |  |  |  |  |  
 |  |  |  |  +- IIC_DATA_0           (see above)
 |  |  |  |  |  
 |  |  |  |  +- IIC_DATA_1           (see above)
 |  |  |  |     
 |  |  |  +- IIC_STOP            
 |  |  |     | 
 |  |  |     +- SwIIC_Wait           (see above)
 |  |  |        
 |  |  +- p_Ion_ReadByte      
 |  |  |  | 
 |  |  |  +- SwIIC_ReadByte       (see above)
 |  |  |     
 |  |  +- SwIIC_WriteByte     
 |  |  |  | 
 |  |  |  +- IIC_START            (see above)
 |  |  |  |  
 |  |  |  +- SwIIC_Delay          (see above)
 |  |  |  |  
 |  |  |  +- SwIIC_SendAddressWrite (see above)
 |  |  |  |  
 |  |  |  +- SwIIC_SendRegister   (see above)
 |  |  |  |  
 |  |  |  +- IIC_SendByte        
 |  |  |  |  | 
 |  |  |  |  +- IIC_DATA_1           (see above)
 |  |  |  |  |  
 |  |  |  |  +- IIC_DATA_0           (see above)
 |  |  |  |  |  
 |  |  |  |  +- IIC_GetBit           (see above)
 |  |  |  |     
 |  |  |  +- IIC_STOP             (see above)
 |  |  |     
 |  |  +- p_Ion_WriteByte     
 |  |  |  | 
 |  |  |  +- SwIIC_WriteByte      (see above)
 |  |  |     
 |  |  +- SwIIC_MultiReadBytes
 |  |  |  | 
 |  |  |  +- IIC_START            (see above)
 |  |  |  |  
 |  |  |  +- SwIIC_Delay          (see above)
 |  |  |  |  
 |  |  |  +- SwIIC_SendAddressWrite (see above)
 |  |  |  |  
 |  |  |  +- SwIIC_SendRegister   (see above)
 |  |  |  |  
 |  |  |  +- IIC_REPEAT_START     (see above)
 |  |  |  |  
 |  |  |  +- SwIIC_SendAddressRead (see above)
 |  |  |  |  
 |  |  |  +- IIC_ReadByte         (see above)
 |  |  |  |  
 |  |  |  +- _ICMP               
 |  |  |  |    
 |  |  |  +- IIC_STOP             (see above)
 |  |  |     
 |  |  +- SwSPI_Init          
 |  |  |    
 |  |  +- SwSPI_ReadByte      
 |  |  |  | 
 |  |  |  +- SwSPI_SendChar      
 |  |  |  |  | 
 |  |  |  |  +- SwSPI_Wait          
 |  |  |  |       
 |  |  |  +- SwSPI_ReceiveChar   
 |  |  |       
 |  |  +- SwSPI_WriteByte     
 |  |  |  | 
 |  |  |  +- SwSPI_SendChar       (see above)
 |  |  |     
 |  |  +- Dummy_Pointer       
 |  |  |    
 |  |  +- p_Ion_MultiReadBytes
 |  |     | 
 |  |     +- SwIIC_MultiReadBytes (see above)
 |  |        
 |  +- Init_SensorIon      
 |  |  | 
 |  |  +- p_Ion_InitInterface  (see above)
 |  |  |  
 |  |  +- Delay_Xms           
 |  |  |    
 |  |  +- p_Ion_WriteByte      (see above)
 |  |  |  
 |  |  +- _CALL_STAR08        
 |  |  |    
 |  |  +- ReadIonMCTL         
 |  |  |  | 
 |  |  |  +- p_Ion_ReadByte       (see above)
 |  |  |     
 |  |  +- ReadIonCTL1         
 |  |  |  | 
 |  |  |  +- p_Ion_ReadByte       (see above)
 |  |  |     
 |  |  +- Ion_ClearIntLatch   
 |  |  |  | 
 |  |  |  +- p_Ion_WriteByte      (see above)
 |  |  |  |  
 |  |  |  +- _CALL_STAR08         (see above)
 |  |  |     
 |  |  +- ReadIonMODE         
 |  |       
 |  +- p_Ion_WriteByte      (see above)
 |  |  
 |  +- _CALL_STAR08         (see above)
 |  |  
 |  +- AutoCalibration_Ion 
 |  |  | 
 |  |  +- SetUp_GselectIon    
 |  |  |  | 
 |  |  |  +- p_Ion_ReadByte       (see above)
 |  |  |  |  
 |  |  |  +- p_Ion_WriteByte      (see above)
 |  |  |  |  
 |  |  |  +- _CALL_STAR08         (see above)
 |  |  |  |  
 |  |  |  +- ReadIonMCTL          (see above)
 |  |  |     
 |  |  +- p_Ion_ReadByte       (see above)
 |  |  |  
 |  |  +- _IDIVS_STAR08       
 |  |  |  | 
 |  |  |  +- _SPLITSIGN          
 |  |  |     | 
 |  |  |     +- _IDIVMOD            
 |  |  |          
 |  |  +- p_Ion_WriteByte      (see above)
 |  |  |  
 |  |  +- _CALL_STAR08         (see above)
 |  |  |  
 |  |  +- FlashErase1         
 |  |  |    
 |  |  +- FlashProgBurst      
 |  |     | 
 |  |     +- SpSubEndBurst       
 |  |          
 |  +- Delay_Xms            (see above)
 |  |  
 |  +- initTemp_QE128      
 |  |  | 
 |  |  +- VDD_Temp_QE128      
 |  |  |  | 
 |  |  |  +- initADC_Bits         (see above)
 |  |  |  |  
 |  |  |  +- _LDIVS_LC           
 |  |  |     | 
 |  |  |     +- _ENTER_BINARY_L_LC  
 |  |  |     |  | 
 |  |  |     |  +- _PUSH_ARGS_L        
 |  |  |     |       
 |  |  |     +- _LDIVS_k_is_k_div_j 
 |  |  |        | 
 |  |  |        +- _SPLITSIGN_L        
 |  |  |        |  | 
 |  |  |        |  +- _ABS_L_HX           
 |  |  |        |     | 
 |  |  |        |     +- _NEG_L_HX           
 |  |  |        |          
 |  |  |        +- _LDIVMOD            
 |  |  |        |    
 |  |  |        +- _NEG_L_HX            (see above)
 |  |  |           
 |  |  +- _LADD               
 |  |  |  | 
 |  |  |  +- _ENTER_BINARY_L     
 |  |  |  |  | 
 |  |  |  |  +- _PUSH_ARGS_L         (see above)
 |  |  |  |     
 |  |  |  +- _LADD_k_is_k_plus_j 
 |  |  |       
 |  |  +- _POP32              
 |  |  |    
 |  |  +- _LDIVU              
 |  |  |  | 
 |  |  |  +- _ENTER_BINARY_L      (see above)
 |  |  |  |  
 |  |  |  +- _LDIVU_k_is_k_div_j 
 |  |  |     | 
 |  |  |     +- _LDIVMOD             (see above)
 |  |  |        
 |  |  +- _LDIVS_LC            (see above)
 |  |     
 |  +- ReadAllIonRegisters 
 |  |  | 
 |  |  +- p_Ion_MultiReadBytes (see above)
 |  |  |  
 |  |  +- _CALL_STAR08         (see above)
 |  |  |  
 |  |  +- p_Ion_ReadByte       (see above)
 |  |     
 |  +- Temp_QE128          
 |  |  | 
 |  |  +- initADC_Bits         (see above)
 |  |  |  
 |  |  +- _LCMP               
 |  |  |  | 
 |  |  |  +- _ENTER_BINARY_L      (see above)
 |  |  |  |  
 |  |  |  +- _LCMP_k_rel_j       
 |  |  |       
 |  |  +- _LSUB               
 |  |  |  | 
 |  |  |  +- _ENTER_BINARY_L      (see above)
 |  |  |  |  
 |  |  |  +- _LSUB_k_is_k_minus_j
 |  |  |       
 |  |  +- _LMUL_RC            
 |  |  |  | 
 |  |  |  +- _ENTER_BINARY_L_RC  
 |  |  |  |  | 
 |  |  |  |  +- _PUSH_ARGS_L         (see above)
 |  |  |  |     
 |  |  |  +- _LMUL_k_is_k_mul_j  
 |  |  |     | 
 |  |  |     +- _k_is_k_plus_j_l    
 |  |  |     |    
 |  |  |     +- _k_is_k_plus_j_i    
 |  |  |          
 |  |  +- _POP32               (see above)
 |  |  |  
 |  |  +- _LDIVU               (see above)
 |  |  |  
 |  |  +- _LSUB_LC            
 |  |  |  | 
 |  |  |  +- _ENTER_BINARY_L_LC   (see above)
 |  |  |  |  
 |  |  |  +- _LSUB_k_is_k_minus_j (see above)
 |  |  |     
 |  |  +- _LADD_RC            
 |  |     | 
 |  |     +- _ENTER_BINARY_L_RC   (see above)
 |  |     |  
 |  |     +- _LADD_k_is_k_plus_j  (see above)
 |  |        
 |  +- VDD_QE128           
 |  |  | 
 |  |  +- initADC_Bits         (see above)
 |  |  |  
 |  |  +- _LDIVS_LC            (see above)
 |  |     
 |  +- ReadADC_Hermes      
 |  |    
 |  +- Read_AccelerometerIon
 |  |  | 
 |  |  +- p_Ion_MultiReadBytes (see above)
 |  |  |  
 |  |  +- _CALL_STAR08         (see above)
 |  |  |  
 |  |  +- p_Ion_ReadByte       (see above)
 |  |     
 |  +- SCI_Display         
 |  |  | 
 |  |  +- SCI_TxByte          
 |  |       
 |  +- Ion_ClearIntLatchINT1
 |  |  | 
 |  |  +- p_Ion_WriteByte      (see above)
 |  |  |  
 |  |  +- _CALL_STAR08         (see above)
 |  |     
 |  +- initTPM1CH0         
 |  |  | 
 |  |  +- SetUp_TPM_Value1    
 |  |     | 
 |  |     +- _LMUL_RC             (see above)
 |  |     |  
 |  |     +- _POP32               (see above)
 |  |     |  
 |  |     +- _LLSR               
 |  |     |  | 
 |  |     |  +- _ENTER_UNARY_L      
 |  |     |       
 |  |     +- _LADD_RC             (see above)
 |  |        
 |  +- Ion_ClearIntLatchINT2
 |  |  | 
 |  |  +- p_Ion_WriteByte      (see above)
 |  |  |  
 |  |  +- _CALL_STAR08         (see above)
 |  |     
 |  +- Ion_ClearIntLatch    (see above)
 |  |  
 |  +- initTPM2CH0         
 |  |  | 
 |  |  +- SetUp_TPM_Value2    
 |  |     | 
 |  |     +- _LMUL_RC             (see above)
 |  |     |  
 |  |     +- _POP32               (see above)
 |  |     |  
 |  |     +- _LLSR                (see above)
 |  |     |  
 |  |     +- _LADD_RC             (see above)
 |  |        
 |  +- CheckButt0          
 |  |  | 
 |  |  +- Delay_Xms            (see above)
 |  |  |  
 |  |  +- Delay               
 |  |  |    
 |  |  +- SetUp_GselectIon     (see above)
 |  |  |  
 |  |  +- SetUp_ModeOfSensorIon
 |  |     | 
 |  |     +- Ion_ClearIntLatch    (see above)
 |  |     |  
 |  |     +- _Jump_Table_Header_Addr
 |  |     |    
 |  |     +- Ion_SwitchMode      
 |  |     |  | 
 |  |     |  +- p_Ion_ReadByte       (see above)
 |  |     |  |  
 |  |     |  +- p_Ion_WriteByte      (see above)
 |  |     |  |  
 |  |     |  +- _CALL_STAR08         (see above)
 |  |     |  |  
 |  |     |  +- ReadIonMCTL          (see above)
 |  |     |     
 |  |     +- ReadIonMODE          (see above)
 |  |     |  
 |  |     +- p_Ion_WriteByte      (see above)
 |  |     |  
 |  |     +- _CALL_STAR08         (see above)
 |  |     |  
 |  |     +- p_Ion_ReadByte       (see above)
 |  |     |  
 |  |     +- p_Ion_MultiWriteBytes
 |  |     |  | 
 |  |     |  +- SwIIC_MultiWriteBytes
 |  |     |     | 
 |  |     |     +- IIC_START            (see above)
 |  |     |     |  
 |  |     |     +- SwIIC_Delay          (see above)
 |  |     |     |  
 |  |     |     +- SwIIC_SendAddressWrite (see above)
 |  |     |     |  
 |  |     |     +- SwIIC_SendRegister   (see above)
 |  |     |     |  
 |  |     |     +- IIC_SendByteM       
 |  |     |     |  | 
 |  |     |     |  +- IIC_DATA_1           (see above)
 |  |     |     |  |  
 |  |     |     |  +- IIC_DATA_0           (see above)
 |  |     |     |  |  
 |  |     |     |  +- IIC_GetBit           (see above)
 |  |     |     |     
 |  |     |     +- IIC_STOP             (see above)
 |  |     |     |  
 |  |     |     +- _ICMP                (see above)
 |  |     |        
 |  |     +- ReadAllIonRegisters  (see above)
 |  |     |  
 |  |     +- ReadIonLDTH         
 |  |     |  | 
 |  |     |  +- p_Ion_ReadByte       (see above)
 |  |     |     
 |  |     +- ReadIonPDTH         
 |  |     |  | 
 |  |     |  +- p_Ion_ReadByte       (see above)
 |  |     |     
 |  |     +- ReadIonPW           
 |  |     |  | 
 |  |     |  +- p_Ion_ReadByte       (see above)
 |  |     |     
 |  |     +- ReadIonLT           
 |  |     |  | 
 |  |     |  +- p_Ion_ReadByte       (see above)
 |  |     |     
 |  |     +- ReadIonTW           
 |  |        | 
 |  |        +- p_Ion_ReadByte       (see above)
 |  |           
 |  +- CheckButt1          
 |  |  | 
 |  |  +- Delay_Xms            (see above)
 |  |  |  
 |  |  +- Delay                (see above)
 |  |  |  
 |  |  +- SetUp_ModeOfSensorIon (see above)
 |  |     
 |  +- CheckButt2          
 |  |  | 
 |  |  +- Delay_Xms            (see above)
 |  |  |  
 |  |  +- Delay                (see above)
 |  |  |  
 |  |  +- SetUp_ModeOfSensorIon (see above)
 |  |     
 |  +- CheckButt3          
 |  |  | 
 |  |  +- Delay_Xms            (see above)
 |  |  |  
 |  |  +- Delay                (see above)
 |  |  |  
 |  |  +- SetUp_ModeOfSensorIon (see above)
 |  |     
 |  +- Reset_Counter1      
 |  |    
 |  +- Clear_TOF1          
 |  |    
 |  +- Clear_CHOF1         
 |  |    
 |  +- Reset_Counter2      
 |  |    
 |  +- Clear_TOF2          
 |  |    
 |  +- Clear_CHOF2         
 |  |    
 |  +- _LINC               
 |  |  | 
 |  |  +- _ENTER_UNARY_L       (see above)
 |  |     
 |  +- _POP32               (see above)
 |     
 +- _Startup            
    | 
    +- Init                
    |  | 
    |  +- loadByte            
    |       
    +- main                 (see above)
       
*********************************************************************************************
STATISTIC SECTION
---------------------------------------------------------------------------------------------

ExeFile:
--------
Number of blocks to be downloaded: 6
Total size of all blocks to be downloaded: 6466

